components/SchoolMap.tsx(1,10): error TS2305: Module '"@/lib/location"' has no exported member 'SCHOOL_LOCATION'.
